../Core/Src/main.c:114:5:main	8	static
../Core/Src/main.c:206:6:SystemClock_Config	88	static
../Core/Src/main.c:260:13:MX_USART2_UART_Init	8	static
../Core/Src/main.c:293:13:MX_GPIO_Init	48	static
../Core/Src/main.c:336:6:StartTask1	16	static
../Core/Src/main.c:363:6:StartTask2	16	static
../Core/Src/main.c:389:6:StartTask3	16	static
../Core/Src/main.c:413:6:StartTask4	64	static
../Core/Src/main.c:438:6:StartTask5	72	static
../Core/Src/main.c:463:6:HAL_TIM_PeriodElapsedCallback	16	static
../Core/Src/main.c:480:6:Error_Handler	4	static,ignoring_inline_asm
